// Jest Snapshot v1, https://goo.gl/fbAQLP

exports[`should render  1`] = `
<div>
  <ExpenseForm
    expense={
      Object {
        "amount": 45,
        "createdAt": 345600000,
        "description": "coffee",
        "id": "3",
        "note": "",
      }
    }
    onSubmit={[Function]}
  />
  <button
    onClick={[Function]}
  >
     REMOVE
  </button>
</div>
`;
