// Jest Snapshot v1, https://goo.gl/fbAQLP

exports[`should render ExpenseDashBoardPage correctly 1`] = `
<div>
  <h1>
    <[object Object] />
    <[object Object] />
    <[object Object] />
  </h1>
</div>
`;
