// Jest Snapshot v1, https://goo.gl/fbAQLP

exports[`should render Header correctly 1`] = `
<header>
  <h1>
    expense app
  </h1>
  <NavLink
    activeClassName="is-active"
    exact={true}
    to="/"
  >
       HOME
  </NavLink>
  <NavLink
    activeClassName="is-active"
    to="/create"
  >
         CREATE
  </NavLink>
  <button
    onClick={[Function]}
  >
    logout
  </button>
</header>
`;
